// Jest Snapshot v1, https://goo.gl/fbAQLP

exports[`Footer component Renders the Footer with Enzyme 1`] = `ShallowWrapper {}`;
