// Jest Snapshot v1, https://goo.gl/fbAQLP

exports[`Navigation component Renders the navigation, with react test renderer 1`] = `
<div
  className="Navigation"
>
  <h1>
    Navigation here
  </h1>
  <button
    id="login"
  >
    Login
  </button>
</div>
`;
