// Jest Snapshot v1, https://goo.gl/fbAQLP

exports[`Navigation component Renders the navigation, with react test renderer 1`] = `
<div>
  <h1>
    Navigation here
  </h1>
  <button
    id="login"
    onClick={[Function]}
  >
    Login
  </button>
</div>
`;
